
Letter Frequency:
t : 229 (9.19%)
z : 178 (7.15%)
q : 169 (6.78%)
g : 154 (6.18%)
o : 149 (5.98%)
k : 144 (5.78%)
f : 141 (5.66%)
l : 126 (5.06%)
e : 99 (3.97%)
i : 91 (3.65%)
r : 65 (2.61%)
d : 62 (2.49%)
n : 61 (2.45%)
s : 58 (2.33%)
h : 57 (2.29%)
x : 56 (2.25%)
u : 43 (1.73%)
y : 35 (1.41%)
w : 32 (1.28%)
v : 31 (1.24%)
c : 20 (0.80%)
a : 9 (0.36%)
b : 3 (0.12%)
p : 1 (0.04%)
m : 1 (0.04%)
j : 0 (0.00%)
Most frequent: t z q g o k f l e i r d n s h x u y w v c a b p m 

Word Frequency:
zit : 20
gy : 17
zg : 14
qfr : 13
q : 12
eknhzgukqhin : 11
ol : 7
oz : 6
of : 6
vozi : 5
ziqz : 4
ziol : 4
xltr : 4
ngx : 4
gxk : 4
gf : 4
zitgkn : 3
yotsr : 3
ygk : 3
wxz : 3
wttf : 3
ugqsl : 3
ql : 3
qkt : 3
qf : 3
ngxk : 3
ltfrtk : 3
ltexkozn : 3
l : 3
ktetoctk : 3
iql : 3
iqct : 3
hkocqen : 3
gzitk : 3
egddxfoeqzogf : 3
dqfn : 3
dgrtkf : 3
zvg : 2
yqleofqzofu : 2
wgw : 2
vt : 2
vqfz : 2
vioei : 2
tqei : 2
tflxkt : 2
tctf : 2
qsoet : 2
qkz : 2
ozl : 2
ligh : 2
leotfet : 2
ktdqofl : 2
hqkzotl : 2
gk : 2
fxdwtk : 2
fgv : 2
eiqkqeztkl : 2
eiqffts : 2
egxklt : 2
egddxfoeqzogfl : 2
zxwt : 1
zvtfzn : 1
zkqctsl : 1
zitn : 1
zitlt : 1
zgxeitl : 1
zgutzitk : 1
z : 1
ysqcgk : 1
youxkt : 1
yotsrl : 1
yoklz : 1
yoct : 1
ykgd : 1
ygkutr : 1
ygexl : 1
xlt : 1
xfzqhhqwst : 1
wxn : 1
wt : 1
wqloe : 1
wqfaofu : 1
wkqfeitl : 1
wkoful : 1
wkgxuiz : 1
wgga : 1
w : 1
vvv : 1
vql : 1
voss : 1
vortlhktqr : 1
vort : 1
vkozofu : 1
vitf : 1
viost : 1
violhtk : 1
vgkal : 1
uxqkqfzttofu : 1
uqdt : 1
ugqs : 1
ugofu : 1
tstezkgfoe : 1
tslt : 1
tlgztkoe : 1
tfr : 1
tfqwst : 1
tflxkofu : 1
tfegdhqll : 1
tbqdhst : 1
tbhqfrtrtr : 1
stzztk : 1
stz : 1
stuozodqzt : 1
sqlz : 1
sqkutsn : 1
sqkutk : 1
soatsn : 1
soat : 1
rtroeqztr : 1
rtloufl : 1
rtlekowt : 1
roleohsoft : 1
rgf : 1
rgdqof : 1
qzzqeal : 1
qz : 1
qxzitfzoeozn : 1
qszigxui : 1
qsdglz : 1
qrrktlltl : 1
qrctklqkn : 1
qr : 1
qkglt : 1
qfnvqn : 1
qekgll : 1
qeetll : 1
qdqmgf : 1
pxlz : 1
oy : 1
ortqs : 1
ofztukozn : 1
ofztkftz : 1
ofzkgrxet : 1
ofzg : 1
ofygkdqzogf : 1
ofltexkt : 1
ofesxrofu : 1
ofctfztr : 1
ofcozqzogf : 1
odquoft : 1
odhtftzkqwst : 1
oddoftfzsn : 1
ntz : 1
ntqkl : 1
lzxrn : 1
lxhhstdtfztr : 1
lxei : 1
ltzzoful : 1
ltkctk : 1
ltfr : 1
lofet : 1
liqss : 1
lghiolzoeqztr : 1
lgdtzodtl : 1
lgdtziofu : 1
lgdtgft : 1
lgdt : 1
ktzqofl : 1
ktdqoftr : 1
ktdqkaqwst : 1
kt : 1
kqfut : 1
k : 1
itqk : 1
iolzgkoeqssn : 1
iolzgkn : 1
ige : 1
htghst : 1
hqkz : 1
hoht : 1
hktltfet : 1
hkqezoeqs : 1
hkgwstdl : 1
hkgwstd : 1
hkgwqwoszozn : 1
hkgrxezl : 1
hkgcortr : 1
hkgcorofu : 1
gzitkl : 1
gft : 1
gfet : 1
ftv : 1
fgz : 1
etfzkqs : 1
esqlloeqs : 1
eqss : 1
eqlz : 1
eqkr : 1
eqffgz : 1
eqf : 1
ektroz : 1
eiteal : 1
egkftklzgft : 1
egflortktr : 1
egdhxztk : 1
egdhxzqzogfqs : 1
egdhstbozn : 1
egddxfoeqzt : 1
egd : 1
dtroxd : 1
dtqfl : 1
dtllqut : 1
dtdwtkl : 1
dqzitdqzoel : 1
dqofzqof : 1
dqn : 1
dosozqkn : 1
dglz : 1
dgkt : 1
afgv : 1

Word Patterns:
0 : q q z q l q q q q q l l k q w q q q 
01 : ql zg zg gy zg of gy qf zg zg gy ql gy gy ol of zg oz oy oz gf zg qz ol zg gy ql oz zg gk of ol zg wt gy qf gy qr gy of gy of vt gf ol ol oz ol gy gf gy oz ol zg gy gy gy qf zg oz gy gy of gf vt kt zg zg gk 
010 : wgw wgw 
0102 : tctf tctf hoht 
0112 : wgga wttf wttf wttf 
012 : zit zit zit zit iql fgz qfr wxz qfr zit zit fgv xlt qfr ngx qkt ngx rgf ngx zit ygk wxn egd ngx zit iql vql ygk zit ozl qkz ige qfr zit zit ftv zit qkz iql fgv qfr tfr qkt ntz ozl dqn qfr qfr qfr wxz zit zit gft stz zit zvg gxk gxk qfr gxk qfr qfr wxz zit ygk zit qfr zit gxk zvg qkt zit eqf qfr zit 
0120 : ziqz ziqz ziqz ziqz tslt 
01213410 : ktetoctk ktetoctk ktetoctk 
0122 : eqss voss 
0122345067514 : egddxfoeqzogf egddxfoeqzogf egddxfoeqzogf 
01223450675148 : egddxfoeqzogfl egddxfoeqzogfl 
0123 : zitn ltfr tqei vozi ugqs dqfn pxlz lxei dqfn dgkt gfet iqct xltr afgv vitf ligh xltr ngxk eqkr ykgd ligh xltr ngxk xltr hqkz uqdt lgdt ziol sqlz yoct iqct vozi ziol vozi iqct soat ziol ngxk ziol vort dglz eqlz dqfn vqfz vqfz vozi tqei vozi zxwt ofzg itqk 
012304 : soatsn zvtfzn 
01231 : vioei vioei 
012314 : ltfrtk ltfrtk ltfrtk 
0123204536 : eiqkqeztkl eiqkqeztkl 
0123345 : eiqffts eiqffts 
01234 : qkglt dtqfl gzitk viost yotsr gzitk ugqsl ugqsl lofet yotsr ntqkl ygexl lzxrn yotsr ugqsl kqfut wqloe yoklz qsoet qsoet vgkal gzitk ortqs 
012340 : tfqwst tflxkt tflxkt dtroxd 
0123413 : leotfet leotfet 
012345 : gzitkl rgdqof ektroz fxdwtk ygkutr qsdglz ysqcgk egxklt dgrtkf dgrtkf wkoful yotsrl fxdwtk zitgkn zitgkn zitgkn egxklt dgrtkf youxkt 
01234516 : ktdqoftr tflxkofu 
01234516457 : yqleofqzofu yqleofqzofu 
0123456 : hqkzotl hkocqen hkocqen ktdqofl etfzkqs hkocqen zkqctsl iolzgkn ktzqofl wkgxuiz zgxeitl hkgwstd ktdqofl hqkzotl violhtk 
012345617382 : eknhzgukqhin eknhzgukqhin eknhzgukqhin eknhzgukqhin eknhzgukqhin eknhzgukqhin eknhzgukqhin eknhzgukqhin eknhzgukqhin eknhzgukqhin eknhzgukqhin 
01234563 : qszigxui ofltexkt 
01234567 : ltexkozn egdhxztk ltexkozn hkgrxezl wkqfeitl hkgwstdl ltexkozn 
012345678 : lgdtziofu ofzkgrxet 

Enter substitution as ciphertext plaintext (e.g. x e):
Enter - to stop.
t
e

Partial plaintext:
IOLZGKOEQSSN, EKNHZGUKQHIN QKGLE QL Q DEQFL ZG EFQWSE HQKZOEL ZG 
DQOFZQOF HKOCQEN GY ZIE OFYGKDQZOGF ZIEN LEFR ZG EQEI GZIEK, ECEF OF ZIE HKELEFEE GY QF 
QRCEKLQKN VOZI QEEELL ZG ZIE EGDDXFOEQZOGF EIQFFES. VIOSE HKGCOROFU HKOCQEN KEDQOFL Q EEFZKQS
UGQS, ZIE YOESR IQL EBHQFRERER ZG EFEGDHQLL
DQFN GZIEKL, OFESXROFU FGZ PXLZ GZIEK UGQSL GY EGDDXFOEQZOGF LEEXKOZN, LXEI QL UXQKQFZEEOFU 
OFZEUKOZN QFR QXZIEFZOEOZN GY EGDDXFOEQZOGFL,
WXZ DQFN DGKE LGHIOLZOEQZER QFR YQLEOFQZOFU UGQSL.
GFEE SQKUESN ZIE RGDQOF GY ZIE DOSOZQKN, EKNHZGUKQHIN OL FGV OF VORELHKEQR XLE, QFR NGX QKE
SOAESN ZG IQCE XLER OZ ECEF OY NGX RGF’Z AFGV OZ. VIEF NGX LIGH GF ZIE OFZEKFEZ, YGK EBQDHSE
ZG WXN
Q WGGA QZ VVV.QDQMGF.EGD, EKNHZGUKQHIN OL XLER ZG EFLXKE HKOCQEN GY NGXK EKEROZ EQKR FXDWEK 
QL
OZ ZKQCESL YKGD NGX ZG ZIE LIGH’L LEKCEK. GK, OF ESEEZKGFOE WQFAOFU, EKNHZGUKQHIN OL XLER ZG
EFLXKE
ZIQZ NGXK EIEEAL EQFFGZ WE YGKUER.
EKNHZGUKQHIN IQL WEEF XLER QSDGLZ LOFEE VKOZOFU VQL OFCEFZER. YGK ZIE SQKUEK HQKZ GY OZL
IOLZGKN, EKNHZGUKQHIN KEDQOFER QF QKZ, Q UQDE GY QR IGE RELOUFL QFR QZZQEAL. QSZIGXUI ZIE 
YOESR
KEZQOFL LGDE GY ZIOL YSQCGK, ZIE SQLZ ZVEFZN-YOCE NEQKL IQCE WKGXUIZ OF LGDEZIOFU FEV. ZIE 
QKZ GY
EKNHZGUKQHIN IQL FGV WEEF LXHHSEDEFZER VOZI Q SEUOZODQZE LEOEFEE. OF ZIOL EGXKLE VE LIQSS
YGEXL
GF ZIQZ LEOEFEE, VIOEI OL DGREKF EKNHZGUKQHIN.
DGREKF EKNHZGUKQHIN OL Q KEDQKAQWSE ROLEOHSOFE. OZ OL Q EGKFEKLZGFE GY EGDHXZEK QFR
EGDDXFOEQZOGFL LEEXKOZN,
VOZI EFR HKGRXEZL ZIQZ QKE ODDOFEFZSN HKQEZOEQS. NEZ OZL LZXRN ZGXEIEL GF WKQFEIEL
GY DQZIEDQZOEL ZIQZ DQN IQCE WEEF EGFLOREKER ELGZEKOE, QFR OZ WKOFUL ZGUEZIEK YOESRL SOAE FXDWEK

ZIEGKN, EGDHXZQZOGFQS-EGDHSEBOZN ZIEGKN, QFR HKGWQWOSZOZN ZIEGKN. ZIOL EGXKLE OL NGXK
OFCOZQZOGF
ZG ZIOL YQLEOFQZOFU YOESR.
1.1 UGQSL QFR LEZZOFUL
DGREKF EKNHZGUKQHIN QRRKELLEL Q VORE KQFUE GY HKGWSEDL. WXZ ZIE DGLZ WQLOE HKGWSED KEDQOFL
ZIE ESQLLOEQS GFE GY EFLXKOFU LEEXKOZN GY EGDDXFOEQZOGF QEKGLL QF OFLEEXKE DEROXD. ZG RELEKOWE OZ,
SEZ’L OFZKGRXEE ZIE YOKLZ ZVG DEDWEKL GY GXK EQLZ GY EIQKQEZEKL: GXK LEFREK, L, QFR GXK KEEEOCEK, K.
(LGDEZODEL HEGHSE EQSS ZIELE EIQKQEZEKL QSOEE, Q, QFR WGW, W. QSOEE QFR WGW YOUXKE OF DQFN VGKAL
GF EKNHZGUKQHIN. WXZ VE’KE UGOFU ZG VQFZ ZIE SEZZEK Q YGK LGDEGFE ESLE, QFNVQN.) ZIE LEFREK QFR
KEEEOCEK VQFZ ZG EGDDXFOEQZE VOZI EQEI GZIEK.
ZIE OREQS EIQFFES. ODQUOFE GXK ZVG HQKZOEL QKE HKGCORER VOZI Q REROEQZER, XFZQHHQWSE, ODHEFEZKQWSE
HOHE GK ZXWE OFZG VIOEI ZIE LEFREK EQF VIOLHEK Q DELLQUE QFR ZIE KEEEOCEK VOSS IEQK
z
t

Partial plaintext:
IOLTGKOEQSSN, EKNHTGUKQHIN QKGLE QL Q DEQFL TG EFQWSE HQKTOEL TG 
DQOFTQOF HKOCQEN GY TIE OFYGKDQTOGF TIEN LEFR TG EQEI GTIEK, ECEF OF TIE HKELEFEE GY QF 
QRCEKLQKN VOTI QEEELL TG TIE EGDDXFOEQTOGF EIQFFES. VIOSE HKGCOROFU HKOCQEN KEDQOFL Q EEFTKQS
UGQS, TIE YOESR IQL EBHQFRERER TG EFEGDHQLL
DQFN GTIEKL, OFESXROFU FGT PXLT GTIEK UGQSL GY EGDDXFOEQTOGF LEEXKOTN, LXEI QL UXQKQFTEEOFU 
OFTEUKOTN QFR QXTIEFTOEOTN GY EGDDXFOEQTOGFL,
WXT DQFN DGKE LGHIOLTOEQTER QFR YQLEOFQTOFU UGQSL.
GFEE SQKUESN TIE RGDQOF GY TIE DOSOTQKN, EKNHTGUKQHIN OL FGV OF VORELHKEQR XLE, QFR NGX QKE
SOAESN TG IQCE XLER OT ECEF OY NGX RGF’T AFGV OT. VIEF NGX LIGH GF TIE OFTEKFET, YGK EBQDHSE
TG WXN
Q WGGA QT VVV.QDQMGF.EGD, EKNHTGUKQHIN OL XLER TG EFLXKE HKOCQEN GY NGXK EKEROT EQKR FXDWEK 
QL
OT TKQCESL YKGD NGX TG TIE LIGH’L LEKCEK. GK, OF ESEETKGFOE WQFAOFU, EKNHTGUKQHIN OL XLER TG
EFLXKE
TIQT NGXK EIEEAL EQFFGT WE YGKUER.
EKNHTGUKQHIN IQL WEEF XLER QSDGLT LOFEE VKOTOFU VQL OFCEFTER. YGK TIE SQKUEK HQKT GY OTL
IOLTGKN, EKNHTGUKQHIN KEDQOFER QF QKT, Q UQDE GY QR IGE RELOUFL QFR QTTQEAL. QSTIGXUI TIE 
YOESR
KETQOFL LGDE GY TIOL YSQCGK, TIE SQLT TVEFTN-YOCE NEQKL IQCE WKGXUIT OF LGDETIOFU FEV. TIE 
QKT GY
EKNHTGUKQHIN IQL FGV WEEF LXHHSEDEFTER VOTI Q SEUOTODQTE LEOEFEE. OF TIOL EGXKLE VE LIQSS
YGEXL
GF TIQT LEOEFEE, VIOEI OL DGREKF EKNHTGUKQHIN.
DGREKF EKNHTGUKQHIN OL Q KEDQKAQWSE ROLEOHSOFE. OT OL Q EGKFEKLTGFE GY EGDHXTEK QFR
EGDDXFOEQTOGFL LEEXKOTN,
VOTI EFR HKGRXETL TIQT QKE ODDOFEFTSN HKQETOEQS. NET OTL LTXRN TGXEIEL GF WKQFEIEL
GY DQTIEDQTOEL TIQT DQN IQCE WEEF EGFLOREKER ELGTEKOE, QFR OT WKOFUL TGUETIEK YOESRL SOAE FXDWEK

TIEGKN, EGDHXTQTOGFQS-EGDHSEBOTN TIEGKN, QFR HKGWQWOSTOTN TIEGKN. TIOL EGXKLE OL NGXK
OFCOTQTOGF
TG TIOL YQLEOFQTOFU YOESR.
1.1 UGQSL QFR LETTOFUL
DGREKF EKNHTGUKQHIN QRRKELLEL Q VORE KQFUE GY HKGWSEDL. WXT TIE DGLT WQLOE HKGWSED KEDQOFL
TIE ESQLLOEQS GFE GY EFLXKOFU LEEXKOTN GY EGDDXFOEQTOGF QEKGLL QF OFLEEXKE DEROXD. TG RELEKOWE OT,
SET’L OFTKGRXEE TIE YOKLT TVG DEDWEKL GY GXK EQLT GY EIQKQETEKL: GXK LEFREK, L, QFR GXK KEEEOCEK, K.
(LGDETODEL HEGHSE EQSS TIELE EIQKQETEKL QSOEE, Q, QFR WGW, W. QSOEE QFR WGW YOUXKE OF DQFN VGKAL
GF EKNHTGUKQHIN. WXT VE’KE UGOFU TG VQFT TIE SETTEK Q YGK LGDEGFE ESLE, QFNVQN.) TIE LEFREK QFR
KEEEOCEK VQFT TG EGDDXFOEQTE VOTI EQEI GTIEK.
TIE OREQS EIQFFES. ODQUOFE GXK TVG HQKTOEL QKE HKGCORER VOTI Q REROEQTER, XFTQHHQWSE, ODHEFETKQWSE
HOHE GK TXWE OFTG VIOEI TIE LEFREK EQF VIOLHEK Q DELLQUE QFR TIE KEEEOCEK VOSS IEQK
i
h

Partial plaintext:
HOLTGKOEQSSN, EKNHTGUKQHHN QKGLE QL Q DEQFL TG EFQWSE HQKTOEL TG 
DQOFTQOF HKOCQEN GY THE OFYGKDQTOGF THEN LEFR TG EQEH GTHEK, ECEF OF THE HKELEFEE GY QF 
QRCEKLQKN VOTH QEEELL TG THE EGDDXFOEQTOGF EHQFFES. VHOSE HKGCOROFU HKOCQEN KEDQOFL Q EEFTKQS
UGQS, THE YOESR HQL EBHQFRERER TG EFEGDHQLL
DQFN GTHEKL, OFESXROFU FGT PXLT GTHEK UGQSL GY EGDDXFOEQTOGF LEEXKOTN, LXEH QL UXQKQFTEEOFU 
OFTEUKOTN QFR QXTHEFTOEOTN GY EGDDXFOEQTOGFL,
WXT DQFN DGKE LGHHOLTOEQTER QFR YQLEOFQTOFU UGQSL.
GFEE SQKUESN THE RGDQOF GY THE DOSOTQKN, EKNHTGUKQHHN OL FGV OF VORELHKEQR XLE, QFR NGX QKE
SOAESN TG HQCE XLER OT ECEF OY NGX RGF’T AFGV OT. VHEF NGX LHGH GF THE OFTEKFET, YGK EBQDHSE
TG WXN
Q WGGA QT VVV.QDQMGF.EGD, EKNHTGUKQHHN OL XLER TG EFLXKE HKOCQEN GY NGXK EKEROT EQKR FXDWEK 
QL
OT TKQCESL YKGD NGX TG THE LHGH’L LEKCEK. GK, OF ESEETKGFOE WQFAOFU, EKNHTGUKQHHN OL XLER TG
EFLXKE
THQT NGXK EHEEAL EQFFGT WE YGKUER.
EKNHTGUKQHHN HQL WEEF XLER QSDGLT LOFEE VKOTOFU VQL OFCEFTER. YGK THE SQKUEK HQKT GY OTL
HOLTGKN, EKNHTGUKQHHN KEDQOFER QF QKT, Q UQDE GY QR HGE RELOUFL QFR QTTQEAL. QSTHGXUH THE 
YOESR
KETQOFL LGDE GY THOL YSQCGK, THE SQLT TVEFTN-YOCE NEQKL HQCE WKGXUHT OF LGDETHOFU FEV. THE 
QKT GY
EKNHTGUKQHHN HQL FGV WEEF LXHHSEDEFTER VOTH Q SEUOTODQTE LEOEFEE. OF THOL EGXKLE VE LHQSS
YGEXL
GF THQT LEOEFEE, VHOEH OL DGREKF EKNHTGUKQHHN.
DGREKF EKNHTGUKQHHN OL Q KEDQKAQWSE ROLEOHSOFE. OT OL Q EGKFEKLTGFE GY EGDHXTEK QFR
EGDDXFOEQTOGFL LEEXKOTN,
VOTH EFR HKGRXETL THQT QKE ODDOFEFTSN HKQETOEQS. NET OTL LTXRN TGXEHEL GF WKQFEHEL
GY DQTHEDQTOEL THQT DQN HQCE WEEF EGFLOREKER ELGTEKOE, QFR OT WKOFUL TGUETHEK YOESRL SOAE FXDWEK

THEGKN, EGDHXTQTOGFQS-EGDHSEBOTN THEGKN, QFR HKGWQWOSTOTN THEGKN. THOL EGXKLE OL NGXK
OFCOTQTOGF
TG THOL YQLEOFQTOFU YOESR.
1.1 UGQSL QFR LETTOFUL
DGREKF EKNHTGUKQHHN QRRKELLEL Q VORE KQFUE GY HKGWSEDL. WXT THE DGLT WQLOE HKGWSED KEDQOFL
THE ESQLLOEQS GFE GY EFLXKOFU LEEXKOTN GY EGDDXFOEQTOGF QEKGLL QF OFLEEXKE DEROXD. TG RELEKOWE OT,
SET’L OFTKGRXEE THE YOKLT TVG DEDWEKL GY GXK EQLT GY EHQKQETEKL: GXK LEFREK, L, QFR GXK KEEEOCEK, K.
(LGDETODEL HEGHSE EQSS THELE EHQKQETEKL QSOEE, Q, QFR WGW, W. QSOEE QFR WGW YOUXKE OF DQFN VGKAL
GF EKNHTGUKQHHN. WXT VE’KE UGOFU TG VQFT THE SETTEK Q YGK LGDEGFE ESLE, QFNVQN.) THE LEFREK QFR
KEEEOCEK VQFT TG EGDDXFOEQTE VOTH EQEH GTHEK.
THE OREQS EHQFFES. ODQUOFE GXK TVG HQKTOEL QKE HKGCORER VOTH Q REROEQTER, XFTQHHQWSE, ODHEFETKQWSE
HOHE GK TXWE OFTG VHOEH THE LEFREK EQF VHOLHEK Q DELLQUE QFR THE KEEEOCEK VOSS HEQK
o
i

Partial plaintext:
HILTGKIEQSSN, EKNHTGUKQHHN QKGLE QL Q DEQFL TG EFQWSE HQKTIEL TG 
DQIFTQIF HKICQEN GY THE IFYGKDQTIGF THEN LEFR TG EQEH GTHEK, ECEF IF THE HKELEFEE GY QF 
QRCEKLQKN VITH QEEELL TG THE EGDDXFIEQTIGF EHQFFES. VHISE HKGCIRIFU HKICQEN KEDQIFL Q EEFTKQS
UGQS, THE YIESR HQL EBHQFRERER TG EFEGDHQLL
DQFN GTHEKL, IFESXRIFU FGT PXLT GTHEK UGQSL GY EGDDXFIEQTIGF LEEXKITN, LXEH QL UXQKQFTEEIFU 
IFTEUKITN QFR QXTHEFTIEITN GY EGDDXFIEQTIGFL,
WXT DQFN DGKE LGHHILTIEQTER QFR YQLEIFQTIFU UGQSL.
GFEE SQKUESN THE RGDQIF GY THE DISITQKN, EKNHTGUKQHHN IL FGV IF VIRELHKEQR XLE, QFR NGX QKE
SIAESN TG HQCE XLER IT ECEF IY NGX RGF’T AFGV IT. VHEF NGX LHGH GF THE IFTEKFET, YGK EBQDHSE
TG WXN
Q WGGA QT VVV.QDQMGF.EGD, EKNHTGUKQHHN IL XLER TG EFLXKE HKICQEN GY NGXK EKERIT EQKR FXDWEK 
QL
IT TKQCESL YKGD NGX TG THE LHGH’L LEKCEK. GK, IF ESEETKGFIE WQFAIFU, EKNHTGUKQHHN IL XLER TG
EFLXKE
THQT NGXK EHEEAL EQFFGT WE YGKUER.
EKNHTGUKQHHN HQL WEEF XLER QSDGLT LIFEE VKITIFU VQL IFCEFTER. YGK THE SQKUEK HQKT GY ITL
HILTGKN, EKNHTGUKQHHN KEDQIFER QF QKT, Q UQDE GY QR HGE RELIUFL QFR QTTQEAL. QSTHGXUH THE 
YIESR
KETQIFL LGDE GY THIL YSQCGK, THE SQLT TVEFTN-YICE NEQKL HQCE WKGXUHT IF LGDETHIFU FEV. THE 
QKT GY
EKNHTGUKQHHN HQL FGV WEEF LXHHSEDEFTER VITH Q SEUITIDQTE LEIEFEE. IF THIL EGXKLE VE LHQSS
YGEXL
GF THQT LEIEFEE, VHIEH IL DGREKF EKNHTGUKQHHN.
DGREKF EKNHTGUKQHHN IL Q KEDQKAQWSE RILEIHSIFE. IT IL Q EGKFEKLTGFE GY EGDHXTEK QFR
EGDDXFIEQTIGFL LEEXKITN,
VITH EFR HKGRXETL THQT QKE IDDIFEFTSN HKQETIEQS. NET ITL LTXRN TGXEHEL GF WKQFEHEL
GY DQTHEDQTIEL THQT DQN HQCE WEEF EGFLIREKER ELGTEKIE, QFR IT WKIFUL TGUETHEK YIESRL SIAE FXDWEK

THEGKN, EGDHXTQTIGFQS-EGDHSEBITN THEGKN, QFR HKGWQWISTITN THEGKN. THIL EGXKLE IL NGXK
IFCITQTIGF
TG THIL YQLEIFQTIFU YIESR.
1.1 UGQSL QFR LETTIFUL
DGREKF EKNHTGUKQHHN QRRKELLEL Q VIRE KQFUE GY HKGWSEDL. WXT THE DGLT WQLIE HKGWSED KEDQIFL
THE ESQLLIEQS GFE GY EFLXKIFU LEEXKITN GY EGDDXFIEQTIGF QEKGLL QF IFLEEXKE DERIXD. TG RELEKIWE IT,
SET’L IFTKGRXEE THE YIKLT TVG DEDWEKL GY GXK EQLT GY EHQKQETEKL: GXK LEFREK, L, QFR GXK KEEEICEK, K.
(LGDETIDEL HEGHSE EQSS THELE EHQKQETEKL QSIEE, Q, QFR WGW, W. QSIEE QFR WGW YIUXKE IF DQFN VGKAL
GF EKNHTGUKQHHN. WXT VE’KE UGIFU TG VQFT THE SETTEK Q YGK LGDEGFE ESLE, QFNVQN.) THE LEFREK QFR
KEEEICEK VQFT TG EGDDXFIEQTE VITH EQEH GTHEK.
THE IREQS EHQFFES. IDQUIFE GXK TVG HQKTIEL QKE HKGCIRER VITH Q RERIEQTER, XFTQHHQWSE, IDHEFETKQWSE
HIHE GK TXWE IFTG VHIEH THE LEFREK EQF VHILHEK Q DELLQUE QFR THE KEEEICEK VISS HEQK
q
a

Partial plaintext:
HILTGKIEASSN, EKNHTGUKAHHN AKGLE AL A DEAFL TG EFAWSE HAKTIEL TG 
DAIFTAIF HKICAEN GY THE IFYGKDATIGF THEN LEFR TG EAEH GTHEK, ECEF IF THE HKELEFEE GY AF 
ARCEKLAKN VITH AEEELL TG THE EGDDXFIEATIGF EHAFFES. VHISE HKGCIRIFU HKICAEN KEDAIFL A EEFTKAS
UGAS, THE YIESR HAL EBHAFRERER TG EFEGDHALL
DAFN GTHEKL, IFESXRIFU FGT PXLT GTHEK UGASL GY EGDDXFIEATIGF LEEXKITN, LXEH AL UXAKAFTEEIFU 
IFTEUKITN AFR AXTHEFTIEITN GY EGDDXFIEATIGFL,
WXT DAFN DGKE LGHHILTIEATER AFR YALEIFATIFU UGASL.
GFEE SAKUESN THE RGDAIF GY THE DISITAKN, EKNHTGUKAHHN IL FGV IF VIRELHKEAR XLE, AFR NGX AKE
SIAESN TG HACE XLER IT ECEF IY NGX RGF’T AFGV IT. VHEF NGX LHGH GF THE IFTEKFET, YGK EBADHSE
TG WXN
A WGGA AT VVV.ADAMGF.EGD, EKNHTGUKAHHN IL XLER TG EFLXKE HKICAEN GY NGXK EKERIT EAKR FXDWEK 
AL
IT TKACESL YKGD NGX TG THE LHGH’L LEKCEK. GK, IF ESEETKGFIE WAFAIFU, EKNHTGUKAHHN IL XLER TG
EFLXKE
THAT NGXK EHEEAL EAFFGT WE YGKUER.
EKNHTGUKAHHN HAL WEEF XLER ASDGLT LIFEE VKITIFU VAL IFCEFTER. YGK THE SAKUEK HAKT GY ITL
HILTGKN, EKNHTGUKAHHN KEDAIFER AF AKT, A UADE GY AR HGE RELIUFL AFR ATTAEAL. ASTHGXUH THE 
YIESR
KETAIFL LGDE GY THIL YSACGK, THE SALT TVEFTN-YICE NEAKL HACE WKGXUHT IF LGDETHIFU FEV. THE 
AKT GY
EKNHTGUKAHHN HAL FGV WEEF LXHHSEDEFTER VITH A SEUITIDATE LEIEFEE. IF THIL EGXKLE VE LHASS
YGEXL
GF THAT LEIEFEE, VHIEH IL DGREKF EKNHTGUKAHHN.
DGREKF EKNHTGUKAHHN IL A KEDAKAAWSE RILEIHSIFE. IT IL A EGKFEKLTGFE GY EGDHXTEK AFR
EGDDXFIEATIGFL LEEXKITN,
VITH EFR HKGRXETL THAT AKE IDDIFEFTSN HKAETIEAS. NET ITL LTXRN TGXEHEL GF WKAFEHEL
GY DATHEDATIEL THAT DAN HACE WEEF EGFLIREKER ELGTEKIE, AFR IT WKIFUL TGUETHEK YIESRL SIAE FXDWEK

THEGKN, EGDHXTATIGFAS-EGDHSEBITN THEGKN, AFR HKGWAWISTITN THEGKN. THIL EGXKLE IL NGXK
IFCITATIGF
TG THIL YALEIFATIFU YIESR.
1.1 UGASL AFR LETTIFUL
DGREKF EKNHTGUKAHHN ARRKELLEL A VIRE KAFUE GY HKGWSEDL. WXT THE DGLT WALIE HKGWSED KEDAIFL
THE ESALLIEAS GFE GY EFLXKIFU LEEXKITN GY EGDDXFIEATIGF AEKGLL AF IFLEEXKE DERIXD. TG RELEKIWE IT,
SET’L IFTKGRXEE THE YIKLT TVG DEDWEKL GY GXK EALT GY EHAKAETEKL: GXK LEFREK, L, AFR GXK KEEEICEK, K.
(LGDETIDEL HEGHSE EASS THELE EHAKAETEKL ASIEE, A, AFR WGW, W. ASIEE AFR WGW YIUXKE IF DAFN VGKAL
GF EKNHTGUKAHHN. WXT VE’KE UGIFU TG VAFT THE SETTEK A YGK LGDEGFE ESLE, AFNVAN.) THE LEFREK AFR
KEEEICEK VAFT TG EGDDXFIEATE VITH EAEH GTHEK.
THE IREAS EHAFFES. IDAUIFE GXK TVG HAKTIEL AKE HKGCIRER VITH A RERIEATER, XFTAHHAWSE, IDHEFETKAWSE
HIHE GK TXWE IFTG VHIEH THE LEFREK EAF VHILHEK A DELLAUE AFR THE KEEEICEK VISS HEAK
w
v

Partial plaintext:
HILTGKIEASSN, EKNHTGUKAHHN AKGLE AL A DEAFL TG EFAVSE HAKTIEL TG 
DAIFTAIF HKICAEN GY THE IFYGKDATIGF THEN LEFR TG EAEH GTHEK, ECEF IF THE HKELEFEE GY AF 
ARCEKLAKN VITH AEEELL TG THE EGDDXFIEATIGF EHAFFES. VHISE HKGCIRIFU HKICAEN KEDAIFL A EEFTKAS
UGAS, THE YIESR HAL EBHAFRERER TG EFEGDHALL
DAFN GTHEKL, IFESXRIFU FGT PXLT GTHEK UGASL GY EGDDXFIEATIGF LEEXKITN, LXEH AL UXAKAFTEEIFU 
IFTEUKITN AFR AXTHEFTIEITN GY EGDDXFIEATIGFL,
VXT DAFN DGKE LGHHILTIEATER AFR YALEIFATIFU UGASL.
GFEE SAKUESN THE RGDAIF GY THE DISITAKN, EKNHTGUKAHHN IL FGV IF VIRELHKEAR XLE, AFR NGX AKE
SIAESN TG HACE XLER IT ECEF IY NGX RGF’T AFGV IT. VHEF NGX LHGH GF THE IFTEKFET, YGK EBADHSE
TG VXN
A VGGA AT VVV.ADAMGF.EGD, EKNHTGUKAHHN IL XLER TG EFLXKE HKICAEN GY NGXK EKERIT EAKR FXDVEK 
AL
IT TKACESL YKGD NGX TG THE LHGH’L LEKCEK. GK, IF ESEETKGFIE VAFAIFU, EKNHTGUKAHHN IL XLER TG
EFLXKE
THAT NGXK EHEEAL EAFFGT VE YGKUER.
EKNHTGUKAHHN HAL VEEF XLER ASDGLT LIFEE VKITIFU VAL IFCEFTER. YGK THE SAKUEK HAKT GY ITL
HILTGKN, EKNHTGUKAHHN KEDAIFER AF AKT, A UADE GY AR HGE RELIUFL AFR ATTAEAL. ASTHGXUH THE 
YIESR
KETAIFL LGDE GY THIL YSACGK, THE SALT TVEFTN-YICE NEAKL HACE VKGXUHT IF LGDETHIFU FEV. THE 
AKT GY
EKNHTGUKAHHN HAL FGV VEEF LXHHSEDEFTER VITH A SEUITIDATE LEIEFEE. IF THIL EGXKLE VE LHASS
YGEXL
GF THAT LEIEFEE, VHIEH IL DGREKF EKNHTGUKAHHN.
DGREKF EKNHTGUKAHHN IL A KEDAKAAVSE RILEIHSIFE. IT IL A EGKFEKLTGFE GY EGDHXTEK AFR
EGDDXFIEATIGFL LEEXKITN,
VITH EFR HKGRXETL THAT AKE IDDIFEFTSN HKAETIEAS. NET ITL LTXRN TGXEHEL GF VKAFEHEL
GY DATHEDATIEL THAT DAN HACE VEEF EGFLIREKER ELGTEKIE, AFR IT VKIFUL TGUETHEK YIESRL SIAE FXDVEK

THEGKN, EGDHXTATIGFAS-EGDHSEBITN THEGKN, AFR HKGVAVISTITN THEGKN. THIL EGXKLE IL NGXK
IFCITATIGF
TG THIL YALEIFATIFU YIESR.
1.1 UGASL AFR LETTIFUL
DGREKF EKNHTGUKAHHN ARRKELLEL A VIRE KAFUE GY HKGVSEDL. VXT THE DGLT VALIE HKGVSED KEDAIFL
THE ESALLIEAS GFE GY EFLXKIFU LEEXKITN GY EGDDXFIEATIGF AEKGLL AF IFLEEXKE DERIXD. TG RELEKIVE IT,
SET’L IFTKGRXEE THE YIKLT TVG DEDVEKL GY GXK EALT GY EHAKAETEKL: GXK LEFREK, L, AFR GXK KEEEICEK, K.
(LGDETIDEL HEGHSE EASS THELE EHAKAETEKL ASIEE, A, AFR VGV, V. ASIEE AFR VGV YIUXKE IF DAFN VGKAL
GF EKNHTGUKAHHN. VXT VE’KE UGIFU TG VAFT THE SETTEK A YGK LGDEGFE ESLE, AFNVAN.) THE LEFREK AFR
KEEEICEK VAFT TG EGDDXFIEATE VITH EAEH GTHEK.
THE IREAS EHAFFES. IDAUIFE GXK TVG HAKTIEL AKE HKGCIRER VITH A RERIEATER, XFTAHHAVSE, IDHEFETKAVSE
HIHE GK TXVE IFTG VHIEH THE LEFREK EAF VHILHEK A DELLAUE AFR THE KEEEICEK VISS HEAK
l 
s

Partial plaintext:
HISTGKIEASSN, EKNHTGUKAHHN AKGSE AS A DEAFS TG EFAVSE HAKTIES TG 
DAIFTAIF HKICAEN GY THE IFYGKDATIGF THEN SEFR TG EAEH GTHEK, ECEF IF THE HKESEFEE GY AF 
ARCEKSAKN VITH AEEESS TG THE EGDDXFIEATIGF EHAFFES. VHISE HKGCIRIFU HKICAEN KEDAIFS A EEFTKAS
UGAS, THE YIESR HAS EBHAFRERER TG EFEGDHASS
DAFN GTHEKS, IFESXRIFU FGT PXST GTHEK UGASS GY EGDDXFIEATIGF SEEXKITN, SXEH AS UXAKAFTEEIFU 
IFTEUKITN AFR AXTHEFTIEITN GY EGDDXFIEATIGFS,
VXT DAFN DGKE SGHHISTIEATER AFR YASEIFATIFU UGASS.
GFEE SAKUESN THE RGDAIF GY THE DISITAKN, EKNHTGUKAHHN IS FGV IF VIRESHKEAR XSE, AFR NGX AKE
SIAESN TG HACE XSER IT ECEF IY NGX RGF’T AFGV IT. VHEF NGX SHGH GF THE IFTEKFET, YGK EBADHSE
TG VXN
A VGGA AT VVV.ADAMGF.EGD, EKNHTGUKAHHN IS XSER TG EFSXKE HKICAEN GY NGXK EKERIT EAKR FXDVEK 
AS
IT TKACESS YKGD NGX TG THE SHGH’S SEKCEK. GK, IF ESEETKGFIE VAFAIFU, EKNHTGUKAHHN IS XSER TG
EFSXKE
THAT NGXK EHEEAS EAFFGT VE YGKUER.
EKNHTGUKAHHN HAS VEEF XSER ASDGST SIFEE VKITIFU VAS IFCEFTER. YGK THE SAKUEK HAKT GY ITS
HISTGKN, EKNHTGUKAHHN KEDAIFER AF AKT, A UADE GY AR HGE RESIUFS AFR ATTAEAS. ASTHGXUH THE 
YIESR
KETAIFS SGDE GY THIS YSACGK, THE SAST TVEFTN-YICE NEAKS HACE VKGXUHT IF SGDETHIFU FEV. THE 
AKT GY
EKNHTGUKAHHN HAS FGV VEEF SXHHSEDEFTER VITH A SEUITIDATE SEIEFEE. IF THIS EGXKSE VE SHASS
YGEXS
GF THAT SEIEFEE, VHIEH IS DGREKF EKNHTGUKAHHN.
DGREKF EKNHTGUKAHHN IS A KEDAKAAVSE RISEIHSIFE. IT IS A EGKFEKSTGFE GY EGDHXTEK AFR
EGDDXFIEATIGFS SEEXKITN,
VITH EFR HKGRXETS THAT AKE IDDIFEFTSN HKAETIEAS. NET ITS STXRN TGXEHES GF VKAFEHES
GY DATHEDATIES THAT DAN HACE VEEF EGFSIREKER ESGTEKIE, AFR IT VKIFUS TGUETHEK YIESRS SIAE FXDVEK

THEGKN, EGDHXTATIGFAS-EGDHSEBITN THEGKN, AFR HKGVAVISTITN THEGKN. THIS EGXKSE IS NGXK
IFCITATIGF
TG THIS YASEIFATIFU YIESR.
1.1 UGASS AFR SETTIFUS
DGREKF EKNHTGUKAHHN ARRKESSES A VIRE KAFUE GY HKGVSEDS. VXT THE DGST VASIE HKGVSED KEDAIFS
THE ESASSIEAS GFE GY EFSXKIFU SEEXKITN GY EGDDXFIEATIGF AEKGSS AF IFSEEXKE DERIXD. TG RESEKIVE IT,
SET’S IFTKGRXEE THE YIKST TVG DEDVEKS GY GXK EAST GY EHAKAETEKS: GXK SEFREK, S, AFR GXK KEEEICEK, K.
(SGDETIDES HEGHSE EASS THESE EHAKAETEKS ASIEE, A, AFR VGV, V. ASIEE AFR VGV YIUXKE IF DAFN VGKAS
GF EKNHTGUKAHHN. VXT VE’KE UGIFU TG VAFT THE SETTEK A YGK SGDEGFE ESSE, AFNVAN.) THE SEFREK AFR
KEEEICEK VAFT TG EGDDXFIEATE VITH EAEH GTHEK.
THE IREAS EHAFFES. IDAUIFE GXK TVG HAKTIES AKE HKGCIRER VITH A RERIEATER, XFTAHHAVSE, IDHEFETKAVSE
HIHE GK TXVE IFTG VHIEH THE SEFREK EAF VHISHEK A DESSAUE AFR THE KEEEICEK VISS HEAK
c
e

Partial plaintext:
HISTGKIEASSN, EKNHTGUKAHHN AKGSE AS A DEAFS TG EFAVSE HAKTIES TG 
DAIFTAIF HKIEAEN GY THE IFYGKDATIGF THEN SEFR TG EAEH GTHEK, EEEF IF THE HKESEFEE GY AF 
AREEKSAKN VITH AEEESS TG THE EGDDXFIEATIGF EHAFFES. VHISE HKGEIRIFU HKIEAEN KEDAIFS A EEFTKAS
UGAS, THE YIESR HAS EBHAFRERER TG EFEGDHASS
DAFN GTHEKS, IFESXRIFU FGT PXST GTHEK UGASS GY EGDDXFIEATIGF SEEXKITN, SXEH AS UXAKAFTEEIFU 
IFTEUKITN AFR AXTHEFTIEITN GY EGDDXFIEATIGFS,
VXT DAFN DGKE SGHHISTIEATER AFR YASEIFATIFU UGASS.
GFEE SAKUESN THE RGDAIF GY THE DISITAKN, EKNHTGUKAHHN IS FGV IF VIRESHKEAR XSE, AFR NGX AKE
SIAESN TG HAEE XSER IT EEEF IY NGX RGF’T AFGV IT. VHEF NGX SHGH GF THE IFTEKFET, YGK EBADHSE
TG VXN
A VGGA AT VVV.ADAMGF.EGD, EKNHTGUKAHHN IS XSER TG EFSXKE HKIEAEN GY NGXK EKERIT EAKR FXDVEK 
AS
IT TKAEESS YKGD NGX TG THE SHGH’S SEKEEK. GK, IF ESEETKGFIE VAFAIFU, EKNHTGUKAHHN IS XSER TG
EFSXKE
THAT NGXK EHEEAS EAFFGT VE YGKUER.
EKNHTGUKAHHN HAS VEEF XSER ASDGST SIFEE VKITIFU VAS IFEEFTER. YGK THE SAKUEK HAKT GY ITS
HISTGKN, EKNHTGUKAHHN KEDAIFER AF AKT, A UADE GY AR HGE RESIUFS AFR ATTAEAS. ASTHGXUH THE 
YIESR
KETAIFS SGDE GY THIS YSAEGK, THE SAST TVEFTN-YIEE NEAKS HAEE VKGXUHT IF SGDETHIFU FEV. THE 
AKT GY
EKNHTGUKAHHN HAS FGV VEEF SXHHSEDEFTER VITH A SEUITIDATE SEIEFEE. IF THIS EGXKSE VE SHASS
YGEXS
GF THAT SEIEFEE, VHIEH IS DGREKF EKNHTGUKAHHN.
DGREKF EKNHTGUKAHHN IS A KEDAKAAVSE RISEIHSIFE. IT IS A EGKFEKSTGFE GY EGDHXTEK AFR
EGDDXFIEATIGFS SEEXKITN,
VITH EFR HKGRXETS THAT AKE IDDIFEFTSN HKAETIEAS. NET ITS STXRN TGXEHES GF VKAFEHES
GY DATHEDATIES THAT DAN HAEE VEEF EGFSIREKER ESGTEKIE, AFR IT VKIFUS TGUETHEK YIESRS SIAE FXDVEK

THEGKN, EGDHXTATIGFAS-EGDHSEBITN THEGKN, AFR HKGVAVISTITN THEGKN. THIS EGXKSE IS NGXK
IFEITATIGF
TG THIS YASEIFATIFU YIESR.
1.1 UGASS AFR SETTIFUS
DGREKF EKNHTGUKAHHN ARRKESSES A VIRE KAFUE GY HKGVSEDS. VXT THE DGST VASIE HKGVSED KEDAIFS
THE ESASSIEAS GFE GY EFSXKIFU SEEXKITN GY EGDDXFIEATIGF AEKGSS AF IFSEEXKE DERIXD. TG RESEKIVE IT,
SET’S IFTKGRXEE THE YIKST TVG DEDVEKS GY GXK EAST GY EHAKAETEKS: GXK SEFREK, S, AFR GXK KEEEIEEK, K.
(SGDETIDES HEGHSE EASS THESE EHAKAETEKS ASIEE, A, AFR VGV, V. ASIEE AFR VGV YIUXKE IF DAFN VGKAS
GF EKNHTGUKAHHN. VXT VE’KE UGIFU TG VAFT THE SETTEK A YGK SGDEGFE ESSE, AFNVAN.) THE SEFREK AFR
KEEEIEEK VAFT TG EGDDXFIEATE VITH EAEH GTHEK.
THE IREAS EHAFFES. IDAUIFE GXK TVG HAKTIES AKE HKGEIRER VITH A RERIEATER, XFTAHHAVSE, IDHEFETKAVSE
HIHE GK TXVE IFTG VHIEH THE SEFREK EAF VHISHEK A DESSAUE AFR THE KEEEIEEK VISS HEAK
^C